// Jest Snapshot v1, https://goo.gl/fbAQLP

exports[`Textarea matches snapshot 1`] = `
<Fragment>
  <textarea
    className="nhsuk-textarea"
    onChange={[Function]}
    value=""
  />
</Fragment>
`;
