// Jest Snapshot v1, https://goo.gl/fbAQLP

exports[`content matches snapshot and element 1`] = `
<p
  className="nhsuk-promo__description"
>
  Hello
</p>
`;
