// Jest Snapshot v1, https://goo.gl/fbAQLP

exports[`Hint matches snapshot 1`] = `
<span
  className="nhsuk-hint"
>
  Hint
</span>
`;
