// Jest Snapshot v1, https://goo.gl/fbAQLP

exports[`ContentsList container matches snapshot 1`] = `ReactWrapper {}`;

exports[`ContentsList current item matches snapshot 1`] = `ReactWrapper {}`;

exports[`ContentsList item matches snapshot 1`] = `ReactWrapper {}`;
