// Jest Snapshot v1, https://goo.gl/fbAQLP

exports[`FeedbackBanner matches snapshot 1`] = `ReactWrapper {}`;
