// Jest Snapshot v1, https://goo.gl/fbAQLP

exports[`Label matches snapshot 1`] = `
<label
  className="nhsuk-label"
  htmlFor=""
  id="__label"
  style={Object {}}
>
  Label
</label>
`;
