// Jest Snapshot v1, https://goo.gl/fbAQLP

exports[`ReviewDate matches snapshot 1`] = `
<div
  className="nhsuk-review-date"
  style={Object {}}
>
  <p
    className="nhsuk-body-s"
  >
    Page last reviewed: 12 February 2016
    <br />
    Next review due: 1 February 2019
  </p>
</div>
`;
