// Jest Snapshot v1, https://goo.gl/fbAQLP

exports[`Select matches snapshot 1`] = `
<Fragment>
  <select
    className="nhsuk-select"
    onChange={[Function]}
    style={Object {}}
    value=""
  />
</Fragment>
`;
