// Jest Snapshot v1, https://goo.gl/fbAQLP

exports[`SkipLink matches snapshot 1`] = `
<SkipLink
  className=""
  href="#maincontent"
  style={Object {}}
  testHeadingElement={false}
>
  <a
    className="nhsuk-skip-link"
    href="#maincontent"
    onClick={[Function]}
    style={Object {}}
    testHeadingElement={false}
  >
    Skip to main content
  </a>
</SkipLink>
`;
