// Jest Snapshot v1, https://goo.gl/fbAQLP

exports[`Textarea matches snapshot 1`] = `
<Fragment>
  <textarea
    autoComplete=""
    className="nhsuk-textarea"
    onChange={[Function]}
    placeholder=""
    rows={5}
    style={Object {}}
  />
</Fragment>
`;
